## 私聊按搜索删最近几条
delete [1000]
search offset=1000 limit=4 top=0
delete [19 17 15]
delete [13]
search offset=13 limit=1 top=0
delete [11]
-- 存下的配置 --
剩下的消息 [1 2 3 4 5 6 7 8 9 10 12 14 16 18 20]

## 防撤回：文字改占位、图片换图、贴纸和过期的不动
delete [1000]
search offset=1000 limit=4 top=0
edit 5 text=true:"占位符" media=false
edit 2 text=true:"" media=true
delete [6 5 3]
delete [2]
search offset=2 limit=1 top=0
delete [1]
-- 存下的配置 --
剩下的消息 [4]

## 收藏夹直接翻历史全删
delete [1000]
history offset=1000 limit=100
delete [10 9 8]
delete [7]
-- 存下的配置 --
剩下的消息 [1 2 3 4 5 6]

## 超级群里以频道身份发的也算自己的
send-as
delete [1000]
history offset=1000 limit=100
delete [5 3 1]
history offset=1 limit=100
-- 存下的配置 --
剩下的消息 [2 4 6]

## 论坛只删当前话题
send-as
delete [1000]
history offset=1000 limit=100
delete [54 51]
history offset=51 limit=100
-- 存下的配置 --
剩下的消息 [52 53]

## 删不掉的那条会被单独拆出来记为失败
delete [1000]
search offset=1000 limit=4 top=0
delete [19 17 15]
delete [19]
delete [17 15 13]
delete [17]
delete [15 13]
delete [15]
delete [13]
search offset=13 limit=2 top=0
delete [11 9]
send-self "DME 200：已删除 5 条；删除失败 1 条；防撤回编辑失败 0 条。"
-- 存下的配置 --
剩下的消息 [1 2 3 4 5 6 7 8 10 12 14 15 16 18 20]

## 搜索失败就改成翻历史
delete [1000]
search offset=1000 limit=3 top=0
search offset=1000 limit=3 top=0
search offset=1000 limit=3 top=0
history offset=1000 limit=100
delete [9 7 5]
-- 存下的配置 --
剩下的消息 [1 2 3 4 6 8 10]

## 999999 删掉全部自己的
delete [1000]
search offset=1000 limit=4 top=0
delete [11 9 7]
delete [5]
search offset=5 limit=4 top=0
delete [3 1]
search offset=1 limit=4 top=0
history offset=1000 limit=100
history offset=2 limit=100
-- 存下的配置 --
剩下的消息 [2 4 6 8 10 12]

## 频道主用 -f 直接删，不做编辑
participant
delete [1000]
history offset=1000 limit=100
delete [4 3 2]
-- 存下的配置 --
剩下的消息 [1]

